
[1] 三个智能体真的跑一轮
  ✅ 新集群初始为 pending
  ✅ 新集群的认领板是空的（工作由 agent 自己发布）
  ✅ 新集群花费从 0 开始
  ✅ 未启动时不能跑
  ✅ 启动集群
  ❌ 一轮跑完 → 全员收工 — 期望 "all-done"，实际 "max-turns"
  ✅ 真的走了不止一步
  ✅ 真的发了信
  ✅ 三个智能体都动过
  ❌ 每个智能体都收工了
  ✅ 每一步都有工具名
  ❌ 全员收工 → 集群完成 — 期望 "done"，实际 "live"
  ✅ 花费 > 0
  ✅ token > 0
  ✅ 调用次数 = 步数

[2] 通信是真的
  ❌ 账本里有这个集群的信 — 0 封
  ❌ 至少两个不同的智能体发过信 — []
  ❌ 存在真正的回信（replyTo 非空） — 0 封
  ✅ 每封回信都只发给一个人（没有 reply-all）
  ❌ 存在广播 — 0 封

[3] 认领与撞车
  ❌ 有切片被认领 — []
  ✅ 三个人认领到的是不同的片
  ❌ 撞车被记了账（first-wins） — 0 次
  ✅ 每次撞车都记了持有者
  ✅ 撞车的那片最终归先来的那个人
  ❌ 每人收工恰好一次 — 期望 3，实际 0
  ❌ 集群完成恰好一次 — 期望 1，实际 0

[4] 记账对得上（M5）
  ❌ 每一步都记了账 — 期望 48，实际 0
  ✅ 每条记账的 cost = token × 换算率
  ✅ 每条记账的 tokens = 四项之和
  ❌ 集群 token 总数 == 账本求和 — 接口 350756 vs 账本 0
  ❌ 集群花费 == 账本求和 — 接口 0.210454 vs 账本 0
  ❌ tina 的花费与账本一致
  ❌ tina 的调用次数 = 自己的步数 — 期望 0，实际 16
  ❌ tina 已收工（live=false） — 期望 false，实际 true
  ❌ manuel 的花费与账本一致
  ❌ manuel 的调用次数 = 自己的步数 — 期望 0，实际 16
  ❌ manuel 已收工（live=false） — 期望 false，实际 true
  ❌ monica 的花费与账本一致
  ❌ monica 的调用次数 = 自己的步数 — 期望 0，实际 16
  ❌ monica 已收工（live=false） — 期望 false，实际 true

[5] 预算熔断
  ✅ 跑爆预算 → stoppedBy=budget
  ✅ 没跑满轮数就停了
  ✅ 花费确实越过了上限（先检查后花钱，允许小幅超出）
  ✅ 超出的幅度 < 一步的钱（没有失控）
  ✅ 集群被置为 stopped
  ❌ 落了恰好一条停止事件 — 期望 1，实际 0
  ❌ 停止原因写清了预算
  ✅ 已停的集群不能再跑（接口拒绝）
  ✅ 没有多花一分钱

[6] 智能体的发信和人类走同一套闸门（临时事件库）
  ✅ 临时库里建好了集群
  ✅ 灌到阈值：集群每分钟发信数 ≥ 300
  ✅ 智能体一发信就撞上风暴闸 → 整个循环停下
  ✅ 集群被按停
  ✅ 按停之后没有再多走很多步
  ✅ 风暴事件落了一条（且只一条）

[7] 智能体也得守防风暴的规矩
  ✅ 没有智能体超过每轮上限（maxMails=5，加上 system 的目标信）
  ✅ 正常小规模运行不该触发每分钟限流

❌ 智能体循环自检有失败  （33 通过 / 25 失败）
